SQL> SET LINESIZE 200;
SQL> SET PAGESIZE 200;
SQL> -- 1. Listar todas las t-uplas de la tabla PROFESOR
SQL> REM 1;
SQL> SELECT *
  2  FROM PROFESOR;

       DNI P                                                                   CAR CAT                                                                                                                  
---------- ------------------------------------------------------------ ---------- -----                                                                                                                
      1111 JUAN                                                                  6 CU                                                                                                                   
      2222 CARLOS                                                                7 TU                                                                                                                   
      3333 PEDRO                                                                 4 TEU                                                                                                                  
      4444 MARIA                                                                 7 TU                                                                                                                   
      5555 IVAN                                                                  1 CEU                                                                                                                  
      6666 CARMEN                                                                3 CD                                                                                                                   
      7777 MARIO                                                                 2 TU                                                                                                                   
      8888 FRANCISCO                                                             5 TU                                                                                                                   
      9999 ANGELA                                                                8 TEU                                                                                                                  
      1010 DAVID                                                                 4 TU                                                                                                                   
      2020 SOLEDAD                                                               7 CU                                                                                                                   
      3030 JOSE MANUEL                                                           6 TEU                                                                                                                  

12 rows selected.

SQL> -- 2. Añadir la siguiente t-upla a la tabla PROFESOR: (4040, ‘CARMELO’, 7, TU).
SQL> REM 2;
SQL> INSERT INTO PROFESOR
  2  VALUES (4040, 'CARMELO', 7, 'TU');

1 row created.

SQL> -- 3. Listar todas las t-uplas de la tabla PROFESOR.
SQL> REM 3;
SQL> SELECT *
  2  FROM PROFESOR;

       DNI P                                                                   CAR CAT                                                                                                                  
---------- ------------------------------------------------------------ ---------- -----                                                                                                                
      1111 JUAN                                                                  6 CU                                                                                                                   
      2222 CARLOS                                                                7 TU                                                                                                                   
      3333 PEDRO                                                                 4 TEU                                                                                                                  
      4444 MARIA                                                                 7 TU                                                                                                                   
      5555 IVAN                                                                  1 CEU                                                                                                                  
      6666 CARMEN                                                                3 CD                                                                                                                   
      7777 MARIO                                                                 2 TU                                                                                                                   
      8888 FRANCISCO                                                             5 TU                                                                                                                   
      9999 ANGELA                                                                8 TEU                                                                                                                  
      1010 DAVID                                                                 4 TU                                                                                                                   
      2020 SOLEDAD                                                               7 CU                                                                                                                   
      3030 JOSE MANUEL                                                           6 TEU                                                                                                                  
      4040 CARMELO                                                               7 TU                                                                                                                   

13 rows selected.

SQL> -- 4. Deshacer los cambios.
SQL> REM 4;
SQL> ROLLBACK;

Rollback complete.

SQL> -- 5. Listar todas las t-uplas de la tabla PROFESOR.
SQL> REM 5;
SQL> SELECT *
  2  FROM PROFESOR;

       DNI P                                                                   CAR CAT                                                                                                                  
---------- ------------------------------------------------------------ ---------- -----                                                                                                                
      1111 JUAN                                                                  6 CU                                                                                                                   
      2222 CARLOS                                                                7 TU                                                                                                                   
      3333 PEDRO                                                                 4 TEU                                                                                                                  
      4444 MARIA                                                                 7 TU                                                                                                                   
      5555 IVAN                                                                  1 CEU                                                                                                                  
      6666 CARMEN                                                                3 CD                                                                                                                   
      7777 MARIO                                                                 2 TU                                                                                                                   
      8888 FRANCISCO                                                             5 TU                                                                                                                   
      9999 ANGELA                                                                8 TEU                                                                                                                  
      1010 DAVID                                                                 4 TU                                                                                                                   
      2020 SOLEDAD                                                               7 CU                                                                                                                   
      3030 JOSE MANUEL                                                           6 TEU                                                                                                                  

12 rows selected.

SQL> -- 6. Añadir la siguiente t-upla a la tabla PROFESOR: (4040, ‘CARMELO’, 7, TU).
SQL> REM 6;
SQL> INSERT INTO PROFESOR
  2  VALUES (4040, 'CARMELO', 7, 'TU');

1 row created.

SQL> -- 7. Hacer permanentes los cambios.
SQL> REM 7;
SQL> COMMIT;

Commit complete.

SQL> -- 8. Añadir la siguiente t-upla a la tabla PROFESOR: (5050, ‘CARINA’, 9, CEU). Explica que
SQL> -- ocurre.
SQL> REM 8;
SQL> INSERT INTO PROFESOR
  2  VALUES (5050, 'CARINA', 9, 'CEU');
INSERT INTO PROFESOR
*
ERROR at line 1:
ORA-02291: integrity constraint (ALU0101394503.SYS_C00477242) violated - parent key not found 


SQL> -- 9. Añadir la siguiente t-upla a la tabla PROFESOR: (5050, ‘CARINA’, 8, CEU).
SQL> REM 9;
SQL> INSERT INTO PROFESOR
  2  VALUES (5050, 'CARINA', 8, 'CEU');

1 row created.

SQL> -- 10. Listar todas las t-uplas de la tabla PROFESOR.
SQL> REM 10;
SQL> SELECT *
  2  FROM PROFESOR;

       DNI P                                                                   CAR CAT                                                                                                                  
---------- ------------------------------------------------------------ ---------- -----                                                                                                                
      1111 JUAN                                                                  6 CU                                                                                                                   
      2222 CARLOS                                                                7 TU                                                                                                                   
      3333 PEDRO                                                                 4 TEU                                                                                                                  
      4444 MARIA                                                                 7 TU                                                                                                                   
      5555 IVAN                                                                  1 CEU                                                                                                                  
      6666 CARMEN                                                                3 CD                                                                                                                   
      7777 MARIO                                                                 2 TU                                                                                                                   
      8888 FRANCISCO                                                             5 TU                                                                                                                   
      9999 ANGELA                                                                8 TEU                                                                                                                  
      1010 DAVID                                                                 4 TU                                                                                                                   
      2020 SOLEDAD                                                               7 CU                                                                                                                   
      3030 JOSE MANUEL                                                           6 TEU                                                                                                                  
      5050 CARINA                                                                8 CEU                                                                                                                  
      4040 CARMELO                                                               7 TU                                                                                                                   

14 rows selected.

SQL> REM 14;
SQL> COMMIT;

Commit complete.

SQL> @p7-2.sql\
SQL> SET ECHO ON;
SQL> -- 17. Eliminar de la tabla ‘PLAN_DOCENTE’ todas las t-uplas correspondientes al profesor con
SQL> -- DNI 4444.
SQL> SET LINESIZE 200;
SQL> SET PAGESIZE 200;
SQL> SPOOL p7_clean.lst APPEND
SQL> REM 17;
SQL> DELETE FROM PLAN_DOCENTE
  2  WHERE DNI = 4444;

3 rows deleted.

SQL> -- 18. Listar las t-uplas de la tabla ‘PLAN_DOCENTE’ correspondientes al profesor con DNI
SQL> -- 4444.
SQL> REM 18;
SQL> SELECT *
  2  FROM PLAN_DOCENTE
  3  WHERE DNI = 4444;

no rows selected

SQL> -- 19. Establecer un punto de control con el nombre ‘P1’.
SQL> REM 19;
SQL> SAVEPOINT P1;

Savepoint created.

SQL> -- 20. Eliminar de la tabla ‘PLAN_DOCENTE’ todas las t-uplas correspondientes al profesor con
SQL> -- DNI 1010.
SQL> REM 20;
SQL> DELETE FROM PLAN_DOCENTE
  2  WHERE DNI = 1010;

3 rows deleted.

SQL> -- 21. Establecer un punto de control con el nombre ‘P2’.
SQL> REM 21;
SQL> SAVEPOINT P2;

Savepoint created.

SQL> -- 22. Eliminar de la tabla ‘PLAN_DOCENTE’ todas las t-uplas correspondientes al profesor con
SQL> -- DNI 2222.
SQL> REM 22;
SQL> DELETE FROM PLAN_DOCENTE
  2  WHERE DNI = 2222;

2 rows deleted.

SQL> -- 23. Listar las t-uplas de la tabla ‘PLAN_DOCENTE’.
SQL> REM 23;
SQL> SELECT *
  2  FROM PLAN_DOCENTE;

       DNI        CAS        CTA        CPA        CLA FI        FF                                                                                                                                     
---------- ---------- ---------- ---------- ---------- --------- ---------                                                                                                                              
      1111          8          3        1.5        1.5 01-SEP-07 31-AUG-09                                                                                                                              
      1111          8          3          0          0 01-SEP-09                                                                                                                                        
      3030          8          0        1.5        1.5 01-SEP-09                                                                                                                                        
      3333          2        1.5        1.5          3 01-SEP-08                                                                                                                                        
      9999          7          3          3          0 01-SEP-10                                                                                                                                        
      5555          6          3          3          0 31-MAR-10                                                                                                                                        
      6666         10          3        1.5        1.5 01-SEP-08 31-AUG-11                                                                                                                              
      8888         11          6          0          0 01-SEP-09                                                                                                                                        
      2020          3        1.5          0        1.5 01-SEP-08                                                                                                                                        
      7777         12        4.5          3          0 01-SEP-10                                                                                                                                        
      3333          9        1.5          0        1.5 01-SEP-09                                                                                                                                        

11 rows selected.

SQL> -- 24. Añadir a la tabla ‘PLAN_DOCENTE’ la t-upla (1010, 9, 1.5, 0, 1.5, ‘01-SEP-09’, NULL).
SQL> -- Explica que ocurre.
SQL> REM 24;
SQL> INSERT INTO PLAN_DOCENTE
  2  VALUES (1010, 9, 1.5, 0, 1.5, '01-SEP-09', NULL);

1 row created.

SQL> -- 25. Listar las t-uplas de la tabla ‘PLAN_DOCENTE’.
SQL> REM 25;
SQL> SELECT *
  2  FROM PLAN_DOCENTE;

       DNI        CAS        CTA        CPA        CLA FI        FF                                                                                                                                     
---------- ---------- ---------- ---------- ---------- --------- ---------                                                                                                                              
      1111          8          3        1.5        1.5 01-SEP-07 31-AUG-09                                                                                                                              
      1111          8          3          0          0 01-SEP-09                                                                                                                                        
      3030          8          0        1.5        1.5 01-SEP-09                                                                                                                                        
      3333          2        1.5        1.5          3 01-SEP-08                                                                                                                                        
      9999          7          3          3          0 01-SEP-10                                                                                                                                        
      5555          6          3          3          0 31-MAR-10                                                                                                                                        
      6666         10          3        1.5        1.5 01-SEP-08 31-AUG-11                                                                                                                              
      8888         11          6          0          0 01-SEP-09                                                                                                                                        
      2020          3        1.5          0        1.5 01-SEP-08                                                                                                                                        
      7777         12        4.5          3          0 01-SEP-10                                                                                                                                        
      3333          9        1.5          0        1.5 01-SEP-09                                                                                                                                        
      1010          9        1.5          0        1.5 01-SEP-09                                                                                                                                        

12 rows selected.

SQL> -- 26. Deshacer los cambios hasta el punto de control P2.
SQL> REM 26;
SQL> ROLLBACK TO SAVEPOINT P2;

Rollback complete.

SQL> -- 27. Listar las t-uplas de la tabla ‘PLAN_DOCENTE’.
SQL> REM 27;
SQL> SELECT *
  2  FROM PLAN_DOCENTE;

       DNI        CAS        CTA        CPA        CLA FI        FF                                                                                                                                     
---------- ---------- ---------- ---------- ---------- --------- ---------                                                                                                                              
      1111          8          3        1.5        1.5 01-SEP-07 31-AUG-09                                                                                                                              
      1111          8          3          0          0 01-SEP-09                                                                                                                                        
      3030          8          0        1.5        1.5 01-SEP-09                                                                                                                                        
      2222          4        1.5          0        1.5 01-SEP-09                                                                                                                                        
      2222          3        1.5          0        1.5 01-SEP-06 31-AUG-07                                                                                                                              
      3333          2        1.5        1.5          3 01-SEP-08                                                                                                                                        
      9999          7          3          3          0 01-SEP-10                                                                                                                                        
      5555          6          3          3          0 31-MAR-10                                                                                                                                        
      6666         10          3        1.5        1.5 01-SEP-08 31-AUG-11                                                                                                                              
      8888         11          6          0          0 01-SEP-09                                                                                                                                        
      2020          3        1.5          0        1.5 01-SEP-08                                                                                                                                        
      7777         12        4.5          3          0 01-SEP-10                                                                                                                                        
      3333          9        1.5          0        1.5 01-SEP-09                                                                                                                                        

13 rows selected.

SQL> -- 28. Deshacer los cambios hasta el punto de control P1.
SQL> REM 28;
SQL> ROLLBACK TO SAVEPOINT P1;

Rollback complete.

SQL> -- 29. Listar las t-uplas de la tabla ‘PLAN_DOCENTE’.
SQL> REM 29;
SQL> SELECT *
  2  FROM PLAN_DOCENTE;

       DNI        CAS        CTA        CPA        CLA FI        FF                                                                                                                                     
---------- ---------- ---------- ---------- ---------- --------- ---------                                                                                                                              
      1111          8          3        1.5        1.5 01-SEP-07 31-AUG-09                                                                                                                              
      1111          8          3          0          0 01-SEP-09                                                                                                                                        
      3030          8          0        1.5        1.5 01-SEP-09                                                                                                                                        
      2222          4        1.5          0        1.5 01-SEP-09                                                                                                                                        
      2222          3        1.5          0        1.5 01-SEP-06 31-AUG-07                                                                                                                              
      1010          2        1.5        1.5          3 01-SEP-05 31-AUG-08                                                                                                                              
      3333          2        1.5        1.5          3 01-SEP-08                                                                                                                                        
      1010          9          3          0          3 01-SEP-08 31-AUG-09                                                                                                                              
      1010          9        1.5          0        1.5 01-SEP-09                                                                                                                                        
      9999          7          3          3          0 01-SEP-10                                                                                                                                        
      5555          6          3          3          0 31-MAR-10                                                                                                                                        
      6666         10          3        1.5        1.5 01-SEP-08 31-AUG-11                                                                                                                              
      8888         11          6          0          0 01-SEP-09                                                                                                                                        
      2020          3        1.5          0        1.5 01-SEP-08                                                                                                                                        
      7777         12        4.5          3          0 01-SEP-10                                                                                                                                        
      3333          9        1.5          0        1.5 01-SEP-09                                                                                                                                        

16 rows selected.

SQL> -- 30. Deshacer los cambios hasta el inicio de la transacción.
SQL> REM  30;
SQL> ROLLBACK;

Rollback complete.

SQL> -- 31. Listar las t-uplas de la tabla ‘PLAN_DOCENTE’.
SQL> REM 31;
SQL> SELECT *
  2  FROM PLAN_DOCENTE;

       DNI        CAS        CTA        CPA        CLA FI        FF                                                                                                                                     
---------- ---------- ---------- ---------- ---------- --------- ---------                                                                                                                              
      4444          1          3        1.5        1.5 01-SEP-11                                                                                                                                        
      4444          4        1.5          0        1.5 01-SEP-08 31-AUG-10                                                                                                                              
      4444          5          3          0          0 01-SEP-10                                                                                                                                        
      1111          8          3        1.5        1.5 01-SEP-07 31-AUG-09                                                                                                                              
      1111          8          3          0          0 01-SEP-09                                                                                                                                        
      3030          8          0        1.5        1.5 01-SEP-09                                                                                                                                        
      2222          4        1.5          0        1.5 01-SEP-09                                                                                                                                        
      2222          3        1.5          0        1.5 01-SEP-06 31-AUG-07                                                                                                                              
      1010          2        1.5        1.5          3 01-SEP-05 31-AUG-08                                                                                                                              
      3333          2        1.5        1.5          3 01-SEP-08                                                                                                                                        
      1010          9          3          0          3 01-SEP-08 31-AUG-09                                                                                                                              
      1010          9        1.5          0        1.5 01-SEP-09                                                                                                                                        
      9999          7          3          3          0 01-SEP-10                                                                                                                                        
      5555          6          3          3          0 31-MAR-10                                                                                                                                        
      6666         10          3        1.5        1.5 01-SEP-08 31-AUG-11                                                                                                                              
      8888         11          6          0          0 01-SEP-09                                                                                                                                        
      2020          3        1.5          0        1.5 01-SEP-08                                                                                                                                        
      7777         12        4.5          3          0 01-SEP-10                                                                                                                                        
      3333          9        1.5          0        1.5 01-SEP-09                                                                                                                                        

19 rows selected.

SQL> 
SQL> spool off
