
SQL> REM 1
SQL> SELECT CD, D
  2  FROM DEPARTAMENTO;

        CD D                                                                    
---------- ------------------------------------------------------------         
         1 ANALISIS MATEMATICO                                                  
         2 ASTROFISICA                                                          
         3 ESTADISTICA, INVESTIGACION OPERATIVA Y COMPUTACION                   
         4 MATEMATICA FUNDAMENTAL                                               

SQL> SELECT *
  2  FROM AREA;

       CAR AR                                                                   
---------- ------------------------------------------------------------         
        CD                                                                      
----------                                                                      
         1 ALGEBRA                                                              
         4                                                                      
                                                                                
         2 ANALISIS MATEMATICO                                                  
         1                                                                      
                                                                                
         3 ASTRONOMIA Y ASTROFISICA                                             
         2                                                                      
                                                                                

       CAR AR                                                                   
---------- ------------------------------------------------------------         
        CD                                                                      
----------                                                                      
         4 CIENCIAS DE LA COMPUTACION E INTELIGENCIA ARTIFICIAL                 
         3                                                                      
                                                                                
         5 DIDACTICA DE LA MATEMATICA                                           
         1                                                                      
                                                                                
         6 ESTADISTICA E INVESTIGACION OPERATIVA                                
         3                                                                      
                                                                                

       CAR AR                                                                   
---------- ------------------------------------------------------------         
        CD                                                                      
----------                                                                      
         7 LENGUAJES Y SISTEMAS INFORMATICOS                                    
         3                                                                      
                                                                                
         8 MATEMATICA APLICADA                                                  
         1                                                                      
                                                                                

8 rows selected.

SQL> SELECT DNI
  2  FROM PROFESOR;

       DNI                                                                      
----------                                                                      
      1010                                                                      
      1111                                                                      
      2020                                                                      
      2222                                                                      
      3030                                                                      
      3333                                                                      
      4444                                                                      
      5555                                                                      
      6666                                                                      
      7777                                                                      
      8888                                                                      

       DNI                                                                      
----------                                                                      
      9999                                                                      

12 rows selected.

SQL> REM 4
SQL> SELECT *
  2  FROM PROFESOR;

       DNI P                                                                    
---------- ------------------------------------------------------------         
       CAR CAT                                                                  
---------- -----                                                                
      1111 JUAN                                                                 
         6 CU                                                                   
                                                                                
      2222 CARLOS                                                               
         7 TU                                                                   
                                                                                
      3333 PEDRO                                                                
         4 TEU                                                                  
                                                                                

       DNI P                                                                    
---------- ------------------------------------------------------------         
       CAR CAT                                                                  
---------- -----                                                                
      4444 MARIA                                                                
         7 TU                                                                   
                                                                                
      5555 IVAN                                                                 
         1 CEU                                                                  
                                                                                
      6666 CARMEN                                                               
         3 CD                                                                   
                                                                                

       DNI P                                                                    
---------- ------------------------------------------------------------         
       CAR CAT                                                                  
---------- -----                                                                
      7777 MARIO                                                                
         2 TU                                                                   
                                                                                
      8888 FRANCISCO                                                            
         5 TU                                                                   
                                                                                
      9999 ANGELA                                                               
         8 TEU                                                                  
                                                                                

       DNI P                                                                    
---------- ------------------------------------------------------------         
       CAR CAT                                                                  
---------- -----                                                                
      1010 DAVID                                                                
         4 TU                                                                   
                                                                                
      2020 SOLEDAD                                                              
         7 CU                                                                   
                                                                                
      3030 JOSE MANUEL                                                          
         6 TEU                                                                  
                                                                                

12 rows selected.

SQL> REM 5
SQL> SELECT P, DNI, CAT, CAR
  2  FROM PROFESOR;

P                                                                   DNI CAT     
------------------------------------------------------------ ---------- -----   
       CAR                                                                      
----------                                                                      
JUAN                                                               1111 CU      
         6                                                                      
                                                                                
CARLOS                                                             2222 TU      
         7                                                                      
                                                                                
PEDRO                                                              3333 TEU     
         4                                                                      
                                                                                

P                                                                   DNI CAT     
------------------------------------------------------------ ---------- -----   
       CAR                                                                      
----------                                                                      
MARIA                                                              4444 TU      
         7                                                                      
                                                                                
IVAN                                                               5555 CEU     
         1                                                                      
                                                                                
CARMEN                                                             6666 CD      
         3                                                                      
                                                                                

P                                                                   DNI CAT     
------------------------------------------------------------ ---------- -----   
       CAR                                                                      
----------                                                                      
MARIO                                                              7777 TU      
         2                                                                      
                                                                                
FRANCISCO                                                          8888 TU      
         5                                                                      
                                                                                
ANGELA                                                             9999 TEU     
         8                                                                      
                                                                                

P                                                                   DNI CAT     
------------------------------------------------------------ ---------- -----   
       CAR                                                                      
----------                                                                      
DAVID                                                              1010 TU      
         4                                                                      
                                                                                
SOLEDAD                                                            2020 CU      
         7                                                                      
                                                                                
JOSE MANUEL                                                        3030 TEU     
         6                                                                      
                                                                                

12 rows selected.

SQL> REM 6
SQL> SELECT P AS PROFESOR, DNI AS DNI, CAT AS CATEGORIA, CAR AS CODIGO_AREA
  2  FROM PROFESOR;

PROFESOR                                                            DNI CATEG   
------------------------------------------------------------ ---------- -----   
CODIGO_AREA                                                                     
-----------                                                                     
JUAN                                                               1111 CU      
          6                                                                     
                                                                                
CARLOS                                                             2222 TU      
          7                                                                     
                                                                                
PEDRO                                                              3333 TEU     
          4                                                                     
                                                                                

PROFESOR                                                            DNI CATEG   
------------------------------------------------------------ ---------- -----   
CODIGO_AREA                                                                     
-----------                                                                     
MARIA                                                              4444 TU      
          7                                                                     
                                                                                
IVAN                                                               5555 CEU     
          1                                                                     
                                                                                
CARMEN                                                             6666 CD      
          3                                                                     
                                                                                

PROFESOR                                                            DNI CATEG   
------------------------------------------------------------ ---------- -----   
CODIGO_AREA                                                                     
-----------                                                                     
MARIO                                                              7777 TU      
          2                                                                     
                                                                                
FRANCISCO                                                          8888 TU      
          5                                                                     
                                                                                
ANGELA                                                             9999 TEU     
          8                                                                     
                                                                                

PROFESOR                                                            DNI CATEG   
------------------------------------------------------------ ---------- -----   
CODIGO_AREA                                                                     
-----------                                                                     
DAVID                                                              1010 TU      
          4                                                                     
                                                                                
SOLEDAD                                                            2020 CU      
          7                                                                     
                                                                                
JOSE MANUEL                                                        3030 TEU     
          6                                                                     
                                                                                

12 rows selected.

SQL> REM 7
SQL> SELECT *
  2  FROM ASIGNATURA;

       CAS A                                                  T           CUR   
---------- -------------------------------------------------- ---- ----------   
       CAR         CT         CP         CL                                     
---------- ---------- ---------- ----------                                     
         1 BASES DE DATOS                                     GII           3   
         7          3        1.5        1.5                                     
                                                                                
         2 INTELIGENCIA ARTIFICIAL                            GII           3   
         4        1.5        1.5          3                                     
                                                                                
         3 ALMACENES DE DATOS                                 MII           1   
         7        1.5          0        1.5                                     
                                                                                

       CAS A                                                  T           CUR   
---------- -------------------------------------------------- ---- ----------   
       CAR         CT         CP         CL                                     
---------- ---------- ---------- ----------                                     
         4 MINERIA DE DATOS                                   MII           1   
         7        1.5          0        1.5                                     
                                                                                
         5 INFORMATICA BASICA                                 GII           1   
         7          3        1.5        1.5                                     
                                                                                
         6 ALGEBRA                                            GII           1   
         1          3          3          0                                     
                                                                                

       CAS A                                                  T           CUR   
---------- -------------------------------------------------- ---- ----------   
       CAR         CT         CP         CL                                     
---------- ---------- ---------- ----------                                     
         7 CALCULO                                            GII           1   
         8          3          3          0                                     
                                                                                
         8 OPTIMIZACION                                       GII           1   
         6          3        1.5        1.5                                     
                                                                                
         9 GESTION DE RIESGOS                                 GII           3   
         4          3          0          3                                     
                                                                                

       CAS A                                                  T           CUR   
---------- -------------------------------------------------- ---- ----------   
       CAR         CT         CP         CL                                     
---------- ---------- ---------- ----------                                     
        10 ASTRONOMIA                                         GF            2   
         3          3        1.5        1.5                                     
                                                                                
        11 DIDACTICA DE LA MATEMATICA                         GM            2   
         5          6          0          0                                     
                                                                                
        12 ANALISIS COMPLEJO                                  GM            4   
         2        4.5          3          0                                     
                                                                                

12 rows selected.

SQL> REM *
SQL> ;
  1  SELECT *
  2* FROM ASIGNATURA
SQL> REM 8
SQL> SELECT * FROM ASIGNATURA
  2  WHERE T = 'GII'
  3  ;

       CAS A                                                  T           CUR   
---------- -------------------------------------------------- ---- ----------   
       CAR         CT         CP         CL                                     
---------- ---------- ---------- ----------                                     
         1 BASES DE DATOS                                     GII           3   
         7          3        1.5        1.5                                     
                                                                                
         2 INTELIGENCIA ARTIFICIAL                            GII           3   
         4        1.5        1.5          3                                     
                                                                                
         5 INFORMATICA BASICA                                 GII           1   
         7          3        1.5        1.5                                     
                                                                                

       CAS A                                                  T           CUR   
---------- -------------------------------------------------- ---- ----------   
       CAR         CT         CP         CL                                     
---------- ---------- ---------- ----------                                     
         6 ALGEBRA                                            GII           1   
         1          3          3          0                                     
                                                                                
         7 CALCULO                                            GII           1   
         8          3          3          0                                     
                                                                                
         8 OPTIMIZACION                                       GII           1   
         6          3        1.5        1.5                                     
                                                                                

       CAS A                                                  T           CUR   
---------- -------------------------------------------------- ---- ----------   
       CAR         CT         CP         CL                                     
---------- ---------- ---------- ----------                                     
         9 GESTION DE RIESGOS                                 GII           3   
         4          3          0          3                                     
                                                                                

7 rows selected.

SQL> REM 9
SQL> SELECT DNI
  2  FROM PROFESOR
  3  WHERE CAR = 7;

       DNI                                                                      
----------                                                                      
      2222                                                                      
      4444                                                                      
      2020                                                                      

SQL> REM 10
SQL> SELECT P DISTINCT
  2  FROM PROFESOR
  3  WHERE CAR = 7;
SELECT P DISTINCT
         *
ERROR at line 1:
ORA-00923: FROM keyword not found where expected 


SQL> SELECT DISTINCT P
  2  FROM PROFESOR
  3  WHERE CAR = 7;

P                                                                               
------------------------------------------------------------                    
SOLEDAD                                                                         
CARLOS                                                                          
MARIA                                                                           

SQL> REM 11
SQL> SELECT A
  2  FROM ASIGNATURA
  3  WHERE CAS >= 7;

A                                                                               
--------------------------------------------------                              
CALCULO                                                                         
OPTIMIZACION                                                                    
GESTION DE RIESGOS                                                              
ASTRONOMIA                                                                      
DIDACTICA DE LA MATEMATICA                                                      
ANALISIS COMPLEJO                                                               

6 rows selected.

SQL> REM 12
SQL> SELECT A
  2  FROM ASIGNATURA
  3  WHERE CAS > 7;

A                                                                               
--------------------------------------------------                              
OPTIMIZACION                                                                    
GESTION DE RIESGOS                                                              
ASTRONOMIA                                                                      
DIDACTICA DE LA MATEMATICA                                                      
ANALISIS COMPLEJO                                                               

SQL> REM 13
SQL> SELECT A
  2  FROM ASIGNATURA
  3  
SQL> SELECT CAS
  2  FROM ASIGNATURA
  3  WHERE N = 'AMACENES DE DATOS'
  4  ;
WHERE N = 'AMACENES DE DATOS'
      *
ERROR at line 3:
ORA-00904: "N": invalid identifier 


SQL> 
SQL> SELECT CAS
  2  FROM ASIGNATURA
  3  WHERE A = 'ALMACENES DE DATOS'
  4  ;

       CAS                                                                      
----------                                                                      
         3                                                                      

SQL> SELECT A
  2  FROM ASIGNATURA
  3  WHERE CAS <> 8;

A                                                                               
--------------------------------------------------                              
BASES DE DATOS                                                                  
INTELIGENCIA ARTIFICIAL                                                         
ALMACENES DE DATOS                                                              
MINERIA DE DATOS                                                                
INFORMATICA BASICA                                                              
ALGEBRA                                                                         
CALCULO                                                                         
GESTION DE RIESGOS                                                              
ASTRONOMIA                                                                      
DIDACTICA DE LA MATEMATICA                                                      
ANALISIS COMPLEJO                                                               

11 rows selected.

SQL> REM 15
SQL> SELECT A
  2  FORM ASUGNATURA
  3  WHERE CAS NOT IN (8, 11);
FORM ASUGNATURA
     *
ERROR at line 2:
ORA-00923: FROM keyword not found where expected 


SQL> SELECT A
  2  FORM ASIGNATURA
  3  WHERE CAS NOT IN (8, 11);
FORM ASIGNATURA
     *
ERROR at line 2:
ORA-00923: FROM keyword not found where expected 


SQL> SELECT A
  2  FROM ASIGNATURA
  3  WHERE CAS NOT IN (8, 11);

A                                                                               
--------------------------------------------------                              
BASES DE DATOS                                                                  
INTELIGENCIA ARTIFICIAL                                                         
ALMACENES DE DATOS                                                              
MINERIA DE DATOS                                                                
INFORMATICA BASICA                                                              
ALGEBRA                                                                         
CALCULO                                                                         
GESTION DE RIESGOS                                                              
ASTRONOMIA                                                                      
ANALISIS COMPLEJO                                                               

10 rows selected.

SQL> REM 16
SQL> SEELCT CAS
SP2-0042: unknown command "SEELCT CAS" - rest of line ignored.
SQL> SELECT CAS
  2  FROM ASIGNATURA NATURAL JOIN PROFESOR
  3  WHERE DNI = 3333;

       CAS                                                                      
----------                                                                      
         2                                                                      
         9                                                                      

SQL> REM 17
SQL> SELECT CD
  2  FROM DEPARTAMENTO
  3  WHERE C = 'ASTROFISICA';
WHERE C = 'ASTROFISICA'
      *
ERROR at line 3:
ORA-00904: "C": invalid identifier 


SQL> SELECT CD
  2  FROM DEPARTAMENTO
  3  WHERE D = 'ASTROFISICA'
  4  ;

        CD                                                                      
----------                                                                      
         2                                                                      

SQL> REM 18
SQL> SELECT DNI
  2  FROM PROFESOR NATURAL JOIN ASIGNATURA
  3  WHERE F = '01-09-09';
WHERE F = '01-09-09'
      *
ERROR at line 3:
ORA-00904: "F": invalid identifier 


SQL> REM 18
SQL> SELECT DNI
  2  FROM PLAN_DOCENTE
  3  WHERE FI = '01-09-09';
WHERE FI = '01-09-09'
           *
ERROR at line 3:
ORA-01843: not a valid month 


SQL> WHERE FI = '01-SEP-09';
SP2-0734: unknown command beginning "WHERE FI =..." - rest of line ignored.
SQL> SELECT DNI
  2  FROM PLAN_DOCENTE
  3  WHERE FI = '01-SEP-09';

       DNI                                                                      
----------                                                                      
      1010                                                                      
      1111                                                                      
      2222                                                                      
      3030                                                                      
      3333                                                                      
      8888                                                                      

6 rows selected.

SQL> REM 19
SQL> SELECT DNI
  2  FROM PLAN_DOCENTE
  3  WHERE FI <
  4  '01-JAN-09';

       DNI                                                                      
----------                                                                      
      1010                                                                      
      1010                                                                      
      1111                                                                      
      2020                                                                      
      2222                                                                      
      3333                                                                      
      4444                                                                      
      6666                                                                      

8 rows selected.

SQL> REM 20
SQL> SELECT A
  2  FROM ASIGNATURA
  3  WHERE CAR IN (3, 5, 8);

A                                                                               
--------------------------------------------------                              
CALCULO                                                                         
ASTRONOMIA                                                                      
DIDACTICA DE LA MATEMATICA                                                      

SQL> REM 21
SQL> SELECT A
  2  FROM ASIGNATURA
  3  WHERE CAR NOT IN (3, 5, 8);

A                                                                               
--------------------------------------------------                              
BASES DE DATOS                                                                  
INTELIGENCIA ARTIFICIAL                                                         
ALMACENES DE DATOS                                                              
MINERIA DE DATOS                                                                
INFORMATICA BASICA                                                              
ALGEBRA                                                                         
OPTIMIZACION                                                                    
GESTION DE RIESGOS                                                              
ANALISIS COMPLEJO                                                               

9 rows selected.

SQL> REM 22
SQL> REM 22
SQL> SELECT P
  2  FROM PROFESOR
  3  WHERE DNI BETWEEN 3000 AND 7000;

P                                                                               
------------------------------------------------------------                    
JOSE MANUEL                                                                     
PEDRO                                                                           
MARIA                                                                           
IVAN                                                                            
CARMEN                                                                          

SQL> SELECT P
  2  FROM PROFESOR
  3  WHERE DNI NOT BETWEEN 3000 AND 7000;

P                                                                               
------------------------------------------------------------                    
JUAN                                                                            
CARLOS                                                                          
MARIO                                                                           
FRANCISCO                                                                       
ANGELA                                                                          
DAVID                                                                           
SOLEDAD                                                                         

7 rows selected.

SQL> SELECT CAS
  2  FROM PLAN_DOCENTE
  3  WHERE DNI = 1111 AND FF IS NULL;

       CAS                                                                      
----------                                                                      
         8                                                                      

SQL> SELECT CAS,CT + CP + CL AS TOTAL_CREDITOS;
SELECT CAS,CT + CP + CL AS TOTAL_CREDITOS
                                        *
ERROR at line 1:
ORA-00923: FROM keyword not found where expected 


SQL> SELECT CAS,CT + CP + CL AS TOTAL_CREDITOS;
SELECT CAS,CT + CP + CL AS TOTAL_CREDITOS
                                        *
ERROR at line 1:
ORA-00923: FROM keyword not found where expected 


SQL> SELECT CAS,CT + CP + CL AS TOTAL_CREDITOS
  2  FROM ASIGNATURA;

       CAS TOTAL_CREDITOS                                                       
---------- --------------                                                       
         1              6                                                       
         2              6                                                       
         3              3                                                       
         4              3                                                       
         5              6                                                       
         6              6                                                       
         7              6                                                       
         8              6                                                       
         9              6                                                       
        10              6                                                       
        11              6                                                       

       CAS TOTAL_CREDITOS                                                       
---------- --------------                                                       
        12            7.5                                                       

12 rows selected.

SQL> SPOOL OFF
SQL> REM 25
SQL> SELECT CAS, SUM(CT + CP + CL) AS TOTAL_CREDITOS
  2  FROM ASIGNATURA;
SELECT CAS, SUM(CT + CP + CL) AS TOTAL_CREDITOS
       *
ERROR at line 1:
ORA-00937: not a single-group group function 


SQL> rem 25
SQL> SELECT CAS, CT, CP, CL, CT+CP+CL AS TOTAL_CREDITOS
  2  FROM ASIGNATURA;

       CAS         CT         CP         CL TOTAL_CREDITOS                      
---------- ---------- ---------- ---------- --------------                      
         1          3        1.5        1.5              6                      
         2        1.5        1.5          3              6                      
         3        1.5          0        1.5              3                      
         4        1.5          0        1.5              3                      
         5          3        1.5        1.5              6                      
         6          3          3          0              6                      
         7          3          3          0              6                      
         8          3        1.5        1.5              6                      
         9          3          0          3              6                      
        10          3        1.5        1.5              6                      
        11          6          0          0              6                      

       CAS         CT         CP         CL TOTAL_CREDITOS                      
---------- ---------- ---------- ---------- --------------                      
        12        4.5          3          0            7.5                      

12 rows selected.

SQL> spool off
